<html>
<body>
<pre>
<h1>µVision Build Log</h1>
<h2>Tool Versions:</h2>
IDE-Version: ¦ÌVision V5.38.0.0
Copyright (C) 2022 ARM Ltd and ARM Germany GmbH. All rights reserved.
License Information: x x, x, LIC=76F5U-S0BBC-KPQZY-IDU0V-T65JV-XSQ1N
 
Tool Versions:
Toolchain:       MDK-ARM Plus  Version: 5.38.0.0
Toolchain Path:  C:\Keil_v5\ARM\ARMCC\Bin
C Compiler:      Armcc.exe V5.06 update 7 (build 960)
Assembler:       Armasm.exe V5.06 update 7 (build 960)
Linker/Locator:  ArmLink.exe V5.06 update 7 (build 960)
Library Manager: ArmAr.exe V5.06 update 7 (build 960)
Hex Converter:   FromElf.exe V5.06 update 7 (build 960)
CPU DLL:         SARMCM3.DLL V5.38.0.0
Dialog DLL:      DCM.DLL V1.17.5.0
Target DLL:      STLink\ST-LINKIII-KEIL_SWO.dll V3.1.0.0
Dialog DLL:      TCM.DLL V1.56.4.0
 
<h2>Project:</h2>
d:\atguigu\P31_ADC_double_register\P31_ADC_double_register.uvprojx
Project File Date:  11/20/2024

<h2>Output:</h2>
*** Using Compiler 'V5.06 update 7 (build 960)', folder: 'C:\Keil_v5\ARM\ARMCC\Bin'
Rebuild target 'Target 1'
compiling Driver_Key.c...
compiling Delay.c...
compiling Driver_I2C.c...
compiling system_stm32f10x.c...
assembling startup_stm32f10x_hd.s...
compiling Driver_LED.c...
compiling Driver_tim6.c...
compiling Inf_M24C02.c...
compiling Driver_USART1.c...
compiling Driver_tim5.c...
compiling main.c...
.\Hardware\ADC\Driver_ADC_double.h(13): warning:  #1-D: last line of file ends without a newline
  #endif
User\main.c: 1 warning, 0 errors
compiling Driver_systick.c...
compiling core_cm3.c...
compiling Driver_DMA1.c...
compiling Driver_tim1.c...
compiling Driver_tim4.c...
compiling Driver_DMA1_RX.c...
compiling Driver_ADC_single.c...
compiling Driver_ADC_doube.c...
Hardware\ADC\Driver_ADC_double.h(13): warning:  #1-D: last line of file ends without a newline
  #endif
Hardware\ADC\Driver_ADC_doube.c: 1 warning, 0 errors
linking...
Program Size: Code=5484 RO-data=336 RW-data=16 ZI-data=1128  
FromELF: creating hex file...
".\Objects\P01_LED_register.axf" - 0 Error(s), 2 Warning(s).

<h2>Software Packages used:</h2>

Package Vendor: Keil
                https://www.keil.com/pack/Keil.STM32F1xx_DFP.2.4.1.pack
                Keil.STM32F1xx_DFP.2.4.1
                STMicroelectronics STM32F1 Series Device Support, Drivers and Examples

<h2>Collection of Component include folders:</h2>
  C:/Users/merge/AppData/Local/Arm/Packs/Keil/STM32F1xx_DFP/2.4.1/Device/Include

<h2>Collection of Component Files used:</h2>
Build Time Elapsed:  00:00:01
</pre>
</body>
</html>
