Component: ARM Compiler 5.06 update 7 (build 960) Tool: armlink [4d3601]

==============================================================================

Section Cross References

    startup_stm32f10x_hd.o(RESET) refers to startup_stm32f10x_hd.o(STACK) for __initial_sp
    startup_stm32f10x_hd.o(RESET) refers to startup_stm32f10x_hd.o(.text) for Reset_Handler
    startup_stm32f10x_hd.o(RESET) refers to systick.o(i.SysTick_Handler) for SysTick_Handler
    startup_stm32f10x_hd.o(RESET) refers to dma1.o(i.DMA1_Channel4_IRQHandler) for DMA1_Channel4_IRQHandler
    startup_stm32f10x_hd.o(RESET) refers to dma1.o(i.DMA1_Channel5_IRQHandler) for DMA1_Channel5_IRQHandler
    startup_stm32f10x_hd.o(RESET) refers to tim1.o(i.TIM1_UP_IRQHandler) for TIM1_UP_IRQHandler
    startup_stm32f10x_hd.o(RESET) refers to usart.o(i.USART1_IRQHandler) for USART1_IRQHandler
    startup_stm32f10x_hd.o(RESET) refers to key.o(i.EXTI15_10_IRQHandler) for EXTI15_10_IRQHandler
    startup_stm32f10x_hd.o(RESET) refers to tim6.o(i.TIM6_IRQHandler) for TIM6_IRQHandler
    startup_stm32f10x_hd.o(.text) refers to system_stm32f10x.o(i.SystemInit) for SystemInit
    startup_stm32f10x_hd.o(.text) refers to entry.o(.ARM.Collect$$$$00000000) for __main
    system_stm32f10x.o(i.SystemCoreClockUpdate) refers to system_stm32f10x.o(.data) for .data
    system_stm32f10x.o(i.SystemInit) refers to system_stm32f10x.o(i.SetSysClockTo72) for SetSysClockTo72
    main.o(i.main) refers to usart.o(i.USART1_Init) for USART1_Init
    main.o(i.main) refers to tim5.o(i.TIM5_Init) for TIM5_Init
    main.o(i.main) refers to dma1.o(i.DMA1_ADC_Init) for DMA1_ADC_Init
    main.o(i.main) refers to adc1.o(i.ADC1_Init_Channel12) for ADC1_Init_Channel12
    main.o(i.main) refers to dma1.o(i.DMA1_ADC_Receive) for DMA1_ADC_Receive
    main.o(i.main) refers to tim5.o(i.TIM5_Start) for TIM5_Start
    main.o(i.main) refers to adc1.o(i.ADC1_Start) for ADC1_Start
    main.o(i.main) refers to dfltui.o(.text) for __aeabi_ui2d
    main.o(i.main) refers to dmul.o(.text) for __aeabi_dmul
    main.o(i.main) refers to ddiv.o(.text) for __aeabi_ddiv
    main.o(i.main) refers to printfa.o(i.__0printf) for __2printf
    main.o(i.main) refers to delay.o(i.Delay_ms) for Delay_ms
    led.o(i.LED_Init) refers to led.o(i.LED_Off) for LED_Off
    led.o(i.LED_OffAll) refers to led.o(i.LED_Off) for LED_Off
    led.o(i.LED_OnAll) refers to led.o(i.LED_On) for LED_On
    led.o(i.LED_Toggle) refers to led.o(i.LED_Off) for LED_Off
    led.o(i.LED_Toggle) refers to led.o(i.LED_On) for LED_On
    key.o(i.EXTI15_10_IRQHandler) refers to delay.o(i.Delay_ms) for Delay_ms
    key.o(i.EXTI15_10_IRQHandler) refers to led.o(i.LED_Toggle) for LED_Toggle
    eeprom.o(i.EEPROM_Read) refers to iic2.o(i.IIC2_Start) for IIC2_Start
    eeprom.o(i.EEPROM_Read) refers to iic2.o(i.IIC2_SendAddr) for IIC2_SendAddr
    eeprom.o(i.EEPROM_Read) refers to iic2.o(i.IIC2_SendByte) for IIC2_SendByte
    eeprom.o(i.EEPROM_Read) refers to iic2.o(i.IIC2_SendACK) for IIC2_SendACK
    eeprom.o(i.EEPROM_Read) refers to iic2.o(i.IIC2_Stop) for IIC2_Stop
    eeprom.o(i.EEPROM_Read) refers to iic2.o(i.IIC2_RecvByte) for IIC2_RecvByte
    eeprom.o(i.EEPROM_WritePage) refers to eeprom.o(i.EEPROM_WriteToOnePage) for EEPROM_WriteToOnePage
    eeprom.o(i.EEPROM_WritePage) refers to delay.o(i.Delay_ms) for Delay_ms
    eeprom.o(i.EEPROM_WriteToOnePage) refers to iic2.o(i.IIC2_Start) for IIC2_Start
    eeprom.o(i.EEPROM_WriteToOnePage) refers to iic2.o(i.IIC2_SendAddr) for IIC2_SendAddr
    eeprom.o(i.EEPROM_WriteToOnePage) refers to iic2.o(i.IIC2_SendByte) for IIC2_SendByte
    eeprom.o(i.EEPROM_WriteToOnePage) refers to iic2.o(i.IIC2_Stop) for IIC2_Stop
    delay.o(i.Delay_ms) refers to delay.o(i.Delay_us) for Delay_us
    delay.o(i.Delay_s) refers to delay.o(i.Delay_ms) for Delay_ms
    usart.o(i.USART1_IRQHandler) refers to usart.o(.data) for .data
    usart.o(i.USART1_IRQHandler) refers to usart.o(.bss) for .bss
    usart.o(i.USART1_Init_DMA) refers to usart.o(i.USART1_Init) for USART1_Init
    usart.o(i.USART1_Init_IT) refers to usart.o(i.USART1_Init) for USART1_Init
    usart.o(i.USART1_Register_RX_Callback) refers to usart.o(.data) for .data
    usart.o(i.USART1_TransmitBytes) refers to usart.o(i.USART1_TransmitByte) for USART1_TransmitByte
    usart.o(i.fputc) refers to usart.o(i.USART1_TransmitByte) for USART1_TransmitByte
    systick.o(i.SysTick_Handler) refers to systick.o(.data) for .data
    systick.o(i.systick_callback_register) refers to systick.o(.data) for .data
    tim6.o(i.TIM6_IRQHandler) refers to tim6.o(.data) for .data
    tim6.o(i.TIM6_SetCallback) refers to tim6.o(.data) for .data
    tim5.o(i.TIM5_LED) refers to delay.o(i.Delay_ms) for Delay_ms
    tim5.o(i.TIM5_LED) refers to tim5.o(.data) for .data
    tim4.o(i.TIM4_GetCycle_ms) refers to dfltui.o(.text) for __aeabi_ui2d
    tim4.o(i.TIM4_GetCycle_ms) refers to ddiv.o(.text) for __aeabi_ddiv
    tim4.o(i.TIM4_GetDuty) refers to dfltui.o(.text) for __aeabi_ui2d
    tim4.o(i.TIM4_GetDuty) refers to dadd.o(.text) for __aeabi_dadd
    tim4.o(i.TIM4_GetDuty) refers to ddiv.o(.text) for __aeabi_ddiv
    tim4.o(i.TIM4_GetFreq) refers to dfltui.o(.text) for __aeabi_ui2d
    tim4.o(i.TIM4_GetFreq) refers to ddiv.o(.text) for __aeabi_ddiv
    tim1.o(i.TIM1_UP_IRQHandler) refers to tim1.o(i.TIM1_Stop) for TIM1_Stop
    dma1.o(i.DMA1_Channel4_IRQHandler) refers to dma1.o(.data) for .data
    dma1.o(i.DMA1_Channel5_IRQHandler) refers to dma1.o(.data) for .data
    dma1.o(i.DMA1_RX_Init) refers to dma1.o(i.NVIC_SetPriorityGrouping) for NVIC_SetPriorityGrouping
    dma1.o(i.DMA1_RX_Init) refers to dma1.o(i.NVIC_SetPriority) for NVIC_SetPriority
    dma1.o(i.DMA1_RX_Init) refers to dma1.o(i.NVIC_EnableIRQ) for NVIC_EnableIRQ
    dma1.o(i.DMA1_Register_RX_AddCallback) refers to dma1.o(.data) for .data
    dma1.o(i.DMA1_Register_TX_AddCallback) refers to dma1.o(.data) for .data
    dma1.o(i.DMA1_TX_Init) refers to dma1.o(i.NVIC_SetPriorityGrouping) for NVIC_SetPriorityGrouping
    dma1.o(i.DMA1_TX_Init) refers to dma1.o(i.NVIC_SetPriority) for NVIC_SetPriority
    dma1.o(i.DMA1_TX_Init) refers to dma1.o(i.NVIC_EnableIRQ) for NVIC_EnableIRQ
    adc1.o(i.ADC1_GetVoltage) refers to dfltui.o(.text) for __aeabi_ui2d
    adc1.o(i.ADC1_GetVoltage) refers to dmul.o(.text) for __aeabi_dmul
    adc1.o(i.ADC1_GetVoltage) refers to ddiv.o(.text) for __aeabi_ddiv
    adc1.o(i.ADC1_Init_Channel10) refers to adc1.o(i.ADC1_Init) for ADC1_Init
    adc1.o(i.ADC1_Init_Channel10) refers to adc1.o(.data) for .data
    adc1.o(i.ADC1_Init_Channel12) refers to adc1.o(i.ADC1_Init) for ADC1_Init
    adc1.o(i.ADC1_Init_Channel12) refers to adc1.o(.data) for .data
    entry.o(.ARM.Collect$$$$00000000) refers (Special) to entry10a.o(.ARM.Collect$$$$0000000F) for __rt_final_cpp
    entry.o(.ARM.Collect$$$$00000000) refers (Special) to entry11a.o(.ARM.Collect$$$$00000011) for __rt_final_exit
    entry.o(.ARM.Collect$$$$00000000) refers (Special) to entry12b.o(.ARM.Collect$$$$0000000E) for __rt_lib_shutdown_fini
    entry.o(.ARM.Collect$$$$00000000) refers (Special) to entry7b.o(.ARM.Collect$$$$00000008) for _main_clock
    entry.o(.ARM.Collect$$$$00000000) refers (Special) to entry8b.o(.ARM.Collect$$$$0000000A) for _main_cpp_init
    entry.o(.ARM.Collect$$$$00000000) refers (Special) to entry9a.o(.ARM.Collect$$$$0000000B) for _main_init
    entry.o(.ARM.Collect$$$$00000000) refers (Special) to entry5.o(.ARM.Collect$$$$00000004) for _main_scatterload
    entry.o(.ARM.Collect$$$$00000000) refers (Special) to entry2.o(.ARM.Collect$$$$00000001) for _main_stk
    printfb.o(i.__0fprintf$bare) refers to printfb.o(i._printf_core) for _printf_core
    printfb.o(i.__0fprintf$bare) refers to usart.o(i.fputc) for fputc
    printfb.o(i.__0printf$bare) refers to printfb.o(i._printf_core) for _printf_core
    printfb.o(i.__0printf$bare) refers to usart.o(i.fputc) for fputc
    printfb.o(i.__0printf$bare) refers to stdout.o(.data) for __stdout
    printfb.o(i.__0snprintf$bare) refers to printfb.o(i._printf_core) for _printf_core
    printfb.o(i.__0snprintf$bare) refers to printfb.o(i._snputc) for _snputc
    printfb.o(i.__0sprintf$bare) refers to printfb.o(i._printf_core) for _printf_core
    printfb.o(i.__0sprintf$bare) refers to printfb.o(i._sputc) for _sputc
    printfb.o(i.__0vfprintf$bare) refers to printfb.o(i._printf_core) for _printf_core
    printfb.o(i.__0vfprintf$bare) refers to usart.o(i.fputc) for fputc
    printfb.o(i.__0vprintf$bare) refers to printfb.o(i._printf_core) for _printf_core
    printfb.o(i.__0vprintf$bare) refers to usart.o(i.fputc) for fputc
    printfb.o(i.__0vprintf$bare) refers to stdout.o(.data) for __stdout
    printfb.o(i.__0vsnprintf$bare) refers to printfb.o(i._printf_core) for _printf_core
    printfb.o(i.__0vsnprintf$bare) refers to printfb.o(i._snputc) for _snputc
    printfb.o(i.__0vsprintf$bare) refers to printfb.o(i._printf_core) for _printf_core
    printfb.o(i.__0vsprintf$bare) refers to printfb.o(i._sputc) for _sputc
    printf0.o(i.__0fprintf$0) refers to printf0.o(i._printf_core) for _printf_core
    printf0.o(i.__0fprintf$0) refers to usart.o(i.fputc) for fputc
    printf0.o(i.__0printf$0) refers to printf0.o(i._printf_core) for _printf_core
    printf0.o(i.__0printf$0) refers to usart.o(i.fputc) for fputc
    printf0.o(i.__0printf$0) refers to stdout.o(.data) for __stdout
    printf0.o(i.__0snprintf$0) refers to printf0.o(i._printf_core) for _printf_core
    printf0.o(i.__0snprintf$0) refers to printf0.o(i._snputc) for _snputc
    printf0.o(i.__0sprintf$0) refers to printf0.o(i._printf_core) for _printf_core
    printf0.o(i.__0sprintf$0) refers to printf0.o(i._sputc) for _sputc
    printf0.o(i.__0vfprintf$0) refers to printf0.o(i._printf_core) for _printf_core
    printf0.o(i.__0vfprintf$0) refers to usart.o(i.fputc) for fputc
    printf0.o(i.__0vprintf$0) refers to printf0.o(i._printf_core) for _printf_core
    printf0.o(i.__0vprintf$0) refers to usart.o(i.fputc) for fputc
    printf0.o(i.__0vprintf$0) refers to stdout.o(.data) for __stdout
    printf0.o(i.__0vsnprintf$0) refers to printf0.o(i._printf_core) for _printf_core
    printf0.o(i.__0vsnprintf$0) refers to printf0.o(i._snputc) for _snputc
    printf0.o(i.__0vsprintf$0) refers to printf0.o(i._printf_core) for _printf_core
    printf0.o(i.__0vsprintf$0) refers to printf0.o(i._sputc) for _sputc
    printf1.o(i.__0fprintf$1) refers to printf1.o(i._printf_core) for _printf_core
    printf1.o(i.__0fprintf$1) refers to usart.o(i.fputc) for fputc
    printf1.o(i.__0printf$1) refers to printf1.o(i._printf_core) for _printf_core
    printf1.o(i.__0printf$1) refers to usart.o(i.fputc) for fputc
    printf1.o(i.__0printf$1) refers to stdout.o(.data) for __stdout
    printf1.o(i.__0snprintf$1) refers to printf1.o(i._printf_core) for _printf_core
    printf1.o(i.__0snprintf$1) refers to printf1.o(i._snputc) for _snputc
    printf1.o(i.__0sprintf$1) refers to printf1.o(i._printf_core) for _printf_core
    printf1.o(i.__0sprintf$1) refers to printf1.o(i._sputc) for _sputc
    printf1.o(i.__0vfprintf$1) refers to printf1.o(i._printf_core) for _printf_core
    printf1.o(i.__0vfprintf$1) refers to usart.o(i.fputc) for fputc
    printf1.o(i.__0vprintf$1) refers to printf1.o(i._printf_core) for _printf_core
    printf1.o(i.__0vprintf$1) refers to usart.o(i.fputc) for fputc
    printf1.o(i.__0vprintf$1) refers to stdout.o(.data) for __stdout
    printf1.o(i.__0vsnprintf$1) refers to printf1.o(i._printf_core) for _printf_core
    printf1.o(i.__0vsnprintf$1) refers to printf1.o(i._snputc) for _snputc
    printf1.o(i.__0vsprintf$1) refers to printf1.o(i._printf_core) for _printf_core
    printf1.o(i.__0vsprintf$1) refers to printf1.o(i._sputc) for _sputc
    printf1.o(i._printf_core) refers to uidiv.o(.text) for __aeabi_uidivmod
    printf2.o(i.__0fprintf$2) refers to printf2.o(i._printf_core) for _printf_core
    printf2.o(i.__0fprintf$2) refers to usart.o(i.fputc) for fputc
    printf2.o(i.__0printf$2) refers to printf2.o(i._printf_core) for _printf_core
    printf2.o(i.__0printf$2) refers to usart.o(i.fputc) for fputc
    printf2.o(i.__0printf$2) refers to stdout.o(.data) for __stdout
    printf2.o(i.__0snprintf$2) refers to printf2.o(i._printf_core) for _printf_core
    printf2.o(i.__0snprintf$2) refers to printf2.o(i._snputc) for _snputc
    printf2.o(i.__0sprintf$2) refers to printf2.o(i._printf_core) for _printf_core
    printf2.o(i.__0sprintf$2) refers to printf2.o(i._sputc) for _sputc
    printf2.o(i.__0vfprintf$2) refers to printf2.o(i._printf_core) for _printf_core
    printf2.o(i.__0vfprintf$2) refers to usart.o(i.fputc) for fputc
    printf2.o(i.__0vprintf$2) refers to printf2.o(i._printf_core) for _printf_core
    printf2.o(i.__0vprintf$2) refers to usart.o(i.fputc) for fputc
    printf2.o(i.__0vprintf$2) refers to stdout.o(.data) for __stdout
    printf2.o(i.__0vsnprintf$2) refers to printf2.o(i._printf_core) for _printf_core
    printf2.o(i.__0vsnprintf$2) refers to printf2.o(i._snputc) for _snputc
    printf2.o(i.__0vsprintf$2) refers to printf2.o(i._printf_core) for _printf_core
    printf2.o(i.__0vsprintf$2) refers to printf2.o(i._sputc) for _sputc
    printf3.o(i.__0fprintf$3) refers to printf3.o(i._printf_core) for _printf_core
    printf3.o(i.__0fprintf$3) refers to usart.o(i.fputc) for fputc
    printf3.o(i.__0printf$3) refers to printf3.o(i._printf_core) for _printf_core
    printf3.o(i.__0printf$3) refers to usart.o(i.fputc) for fputc
    printf3.o(i.__0printf$3) refers to stdout.o(.data) for __stdout
    printf3.o(i.__0snprintf$3) refers to printf3.o(i._printf_core) for _printf_core
    printf3.o(i.__0snprintf$3) refers to printf3.o(i._snputc) for _snputc
    printf3.o(i.__0sprintf$3) refers to printf3.o(i._printf_core) for _printf_core
    printf3.o(i.__0sprintf$3) refers to printf3.o(i._sputc) for _sputc
    printf3.o(i.__0vfprintf$3) refers to printf3.o(i._printf_core) for _printf_core
    printf3.o(i.__0vfprintf$3) refers to usart.o(i.fputc) for fputc
    printf3.o(i.__0vprintf$3) refers to printf3.o(i._printf_core) for _printf_core
    printf3.o(i.__0vprintf$3) refers to usart.o(i.fputc) for fputc
    printf3.o(i.__0vprintf$3) refers to stdout.o(.data) for __stdout
    printf3.o(i.__0vsnprintf$3) refers to printf3.o(i._printf_core) for _printf_core
    printf3.o(i.__0vsnprintf$3) refers to printf3.o(i._snputc) for _snputc
    printf3.o(i.__0vsprintf$3) refers to printf3.o(i._printf_core) for _printf_core
    printf3.o(i.__0vsprintf$3) refers to printf3.o(i._sputc) for _sputc
    printf3.o(i._printf_core) refers to uidiv.o(.text) for __aeabi_uidivmod
    printf4.o(i.__0fprintf$4) refers to printf4.o(i._printf_core) for _printf_core
    printf4.o(i.__0fprintf$4) refers to usart.o(i.fputc) for fputc
    printf4.o(i.__0printf$4) refers to printf4.o(i._printf_core) for _printf_core
    printf4.o(i.__0printf$4) refers to usart.o(i.fputc) for fputc
    printf4.o(i.__0printf$4) refers to stdout.o(.data) for __stdout
    printf4.o(i.__0snprintf$4) refers to printf4.o(i._printf_core) for _printf_core
    printf4.o(i.__0snprintf$4) refers to printf4.o(i._snputc) for _snputc
    printf4.o(i.__0sprintf$4) refers to printf4.o(i._printf_core) for _printf_core
    printf4.o(i.__0sprintf$4) refers to printf4.o(i._sputc) for _sputc
    printf4.o(i.__0vfprintf$4) refers to printf4.o(i._printf_core) for _printf_core
    printf4.o(i.__0vfprintf$4) refers to usart.o(i.fputc) for fputc
    printf4.o(i.__0vprintf$4) refers to printf4.o(i._printf_core) for _printf_core
    printf4.o(i.__0vprintf$4) refers to usart.o(i.fputc) for fputc
    printf4.o(i.__0vprintf$4) refers to stdout.o(.data) for __stdout
    printf4.o(i.__0vsnprintf$4) refers to printf4.o(i._printf_core) for _printf_core
    printf4.o(i.__0vsnprintf$4) refers to printf4.o(i._snputc) for _snputc
    printf4.o(i.__0vsprintf$4) refers to printf4.o(i._printf_core) for _printf_core
    printf4.o(i.__0vsprintf$4) refers to printf4.o(i._sputc) for _sputc
    printf4.o(i._printf_core) refers to uldiv.o(.text) for __aeabi_uldivmod
    printf5.o(i.__0fprintf$5) refers to printf5.o(i._printf_core) for _printf_core
    printf5.o(i.__0fprintf$5) refers to usart.o(i.fputc) for fputc
    printf5.o(i.__0printf$5) refers to printf5.o(i._printf_core) for _printf_core
    printf5.o(i.__0printf$5) refers to usart.o(i.fputc) for fputc
    printf5.o(i.__0printf$5) refers to stdout.o(.data) for __stdout
    printf5.o(i.__0snprintf$5) refers to printf5.o(i._printf_core) for _printf_core
    printf5.o(i.__0snprintf$5) refers to printf5.o(i._snputc) for _snputc
    printf5.o(i.__0sprintf$5) refers to printf5.o(i._printf_core) for _printf_core
    printf5.o(i.__0sprintf$5) refers to printf5.o(i._sputc) for _sputc
    printf5.o(i.__0vfprintf$5) refers to printf5.o(i._printf_core) for _printf_core
    printf5.o(i.__0vfprintf$5) refers to usart.o(i.fputc) for fputc
    printf5.o(i.__0vprintf$5) refers to printf5.o(i._printf_core) for _printf_core
    printf5.o(i.__0vprintf$5) refers to usart.o(i.fputc) for fputc
    printf5.o(i.__0vprintf$5) refers to stdout.o(.data) for __stdout
    printf5.o(i.__0vsnprintf$5) refers to printf5.o(i._printf_core) for _printf_core
    printf5.o(i.__0vsnprintf$5) refers to printf5.o(i._snputc) for _snputc
    printf5.o(i.__0vsprintf$5) refers to printf5.o(i._printf_core) for _printf_core
    printf5.o(i.__0vsprintf$5) refers to printf5.o(i._sputc) for _sputc
    printf5.o(i._printf_core) refers to uldiv.o(.text) for __aeabi_uldivmod
    printf6.o(i.__0fprintf$6) refers to printf6.o(i._printf_core) for _printf_core
    printf6.o(i.__0fprintf$6) refers to usart.o(i.fputc) for fputc
    printf6.o(i.__0printf$6) refers to printf6.o(i._printf_core) for _printf_core
    printf6.o(i.__0printf$6) refers to usart.o(i.fputc) for fputc
    printf6.o(i.__0printf$6) refers to stdout.o(.data) for __stdout
    printf6.o(i.__0snprintf$6) refers to printf6.o(i._printf_core) for _printf_core
    printf6.o(i.__0snprintf$6) refers to printf6.o(i._snputc) for _snputc
    printf6.o(i.__0sprintf$6) refers to printf6.o(i._printf_core) for _printf_core
    printf6.o(i.__0sprintf$6) refers to printf6.o(i._sputc) for _sputc
    printf6.o(i.__0vfprintf$6) refers to printf6.o(i._printf_core) for _printf_core
    printf6.o(i.__0vfprintf$6) refers to usart.o(i.fputc) for fputc
    printf6.o(i.__0vprintf$6) refers to printf6.o(i._printf_core) for _printf_core
    printf6.o(i.__0vprintf$6) refers to usart.o(i.fputc) for fputc
    printf6.o(i.__0vprintf$6) refers to stdout.o(.data) for __stdout
    printf6.o(i.__0vsnprintf$6) refers to printf6.o(i._printf_core) for _printf_core
    printf6.o(i.__0vsnprintf$6) refers to printf6.o(i._snputc) for _snputc
    printf6.o(i.__0vsprintf$6) refers to printf6.o(i._printf_core) for _printf_core
    printf6.o(i.__0vsprintf$6) refers to printf6.o(i._sputc) for _sputc
    printf6.o(i._printf_core) refers to printf6.o(i._printf_pre_padding) for _printf_pre_padding
    printf6.o(i._printf_core) refers to uidiv.o(.text) for __aeabi_uidivmod
    printf6.o(i._printf_core) refers to printf6.o(i._printf_post_padding) for _printf_post_padding
    printf7.o(i.__0fprintf$7) refers to printf7.o(i._printf_core) for _printf_core
    printf7.o(i.__0fprintf$7) refers to usart.o(i.fputc) for fputc
    printf7.o(i.__0printf$7) refers to printf7.o(i._printf_core) for _printf_core
    printf7.o(i.__0printf$7) refers to usart.o(i.fputc) for fputc
    printf7.o(i.__0printf$7) refers to stdout.o(.data) for __stdout
    printf7.o(i.__0snprintf$7) refers to printf7.o(i._printf_core) for _printf_core
    printf7.o(i.__0snprintf$7) refers to printf7.o(i._snputc) for _snputc
    printf7.o(i.__0sprintf$7) refers to printf7.o(i._printf_core) for _printf_core
    printf7.o(i.__0sprintf$7) refers to printf7.o(i._sputc) for _sputc
    printf7.o(i.__0vfprintf$7) refers to printf7.o(i._printf_core) for _printf_core
    printf7.o(i.__0vfprintf$7) refers to usart.o(i.fputc) for fputc
    printf7.o(i.__0vprintf$7) refers to printf7.o(i._printf_core) for _printf_core
    printf7.o(i.__0vprintf$7) refers to usart.o(i.fputc) for fputc
    printf7.o(i.__0vprintf$7) refers to stdout.o(.data) for __stdout
    printf7.o(i.__0vsnprintf$7) refers to printf7.o(i._printf_core) for _printf_core
    printf7.o(i.__0vsnprintf$7) refers to printf7.o(i._snputc) for _snputc
    printf7.o(i.__0vsprintf$7) refers to printf7.o(i._printf_core) for _printf_core
    printf7.o(i.__0vsprintf$7) refers to printf7.o(i._sputc) for _sputc
    printf7.o(i._printf_core) refers to printf7.o(i._printf_pre_padding) for _printf_pre_padding
    printf7.o(i._printf_core) refers to uldiv.o(.text) for __aeabi_uldivmod
    printf7.o(i._printf_core) refers to printf7.o(i._printf_post_padding) for _printf_post_padding
    printf8.o(i.__0fprintf$8) refers to printf8.o(i._printf_core) for _printf_core
    printf8.o(i.__0fprintf$8) refers to usart.o(i.fputc) for fputc
    printf8.o(i.__0printf$8) refers to printf8.o(i._printf_core) for _printf_core
    printf8.o(i.__0printf$8) refers to usart.o(i.fputc) for fputc
    printf8.o(i.__0printf$8) refers to stdout.o(.data) for __stdout
    printf8.o(i.__0snprintf$8) refers to printf8.o(i._printf_core) for _printf_core
    printf8.o(i.__0snprintf$8) refers to printf8.o(i._snputc) for _snputc
    printf8.o(i.__0sprintf$8) refers to printf8.o(i._printf_core) for _printf_core
    printf8.o(i.__0sprintf$8) refers to printf8.o(i._sputc) for _sputc
    printf8.o(i.__0vfprintf$8) refers to printf8.o(i._printf_core) for _printf_core
    printf8.o(i.__0vfprintf$8) refers to usart.o(i.fputc) for fputc
    printf8.o(i.__0vprintf$8) refers to printf8.o(i._printf_core) for _printf_core
    printf8.o(i.__0vprintf$8) refers to usart.o(i.fputc) for fputc
    printf8.o(i.__0vprintf$8) refers to stdout.o(.data) for __stdout
    printf8.o(i.__0vsnprintf$8) refers to printf8.o(i._printf_core) for _printf_core
    printf8.o(i.__0vsnprintf$8) refers to printf8.o(i._snputc) for _snputc
    printf8.o(i.__0vsprintf$8) refers to printf8.o(i._printf_core) for _printf_core
    printf8.o(i.__0vsprintf$8) refers to printf8.o(i._sputc) for _sputc
    printf8.o(i._printf_core) refers to printf8.o(i._printf_pre_padding) for _printf_pre_padding
    printf8.o(i._printf_core) refers to uldiv.o(.text) for __aeabi_uldivmod
    printf8.o(i._printf_core) refers to printf8.o(i._printf_post_padding) for _printf_post_padding
    printfa.o(i.__0fprintf) refers (Special) to iusefp.o(.text) for __I$use$fp
    printfa.o(i.__0fprintf) refers to printfa.o(i._printf_core) for _printf_core
    printfa.o(i.__0fprintf) refers to usart.o(i.fputc) for fputc
    printfa.o(i.__0printf) refers (Special) to iusefp.o(.text) for __I$use$fp
    printfa.o(i.__0printf) refers to printfa.o(i._printf_core) for _printf_core
    printfa.o(i.__0printf) refers to usart.o(i.fputc) for fputc
    printfa.o(i.__0printf) refers to stdout.o(.data) for __stdout
    printfa.o(i.__0snprintf) refers (Special) to iusefp.o(.text) for __I$use$fp
    printfa.o(i.__0snprintf) refers to printfa.o(i._printf_core) for _printf_core
    printfa.o(i.__0snprintf) refers to printfa.o(i._snputc) for _snputc
    printfa.o(i.__0sprintf) refers (Special) to iusefp.o(.text) for __I$use$fp
    printfa.o(i.__0sprintf) refers to printfa.o(i._printf_core) for _printf_core
    printfa.o(i.__0sprintf) refers to printfa.o(i._sputc) for _sputc
    printfa.o(i.__0vfprintf) refers (Special) to iusefp.o(.text) for __I$use$fp
    printfa.o(i.__0vfprintf) refers to printfa.o(i._printf_core) for _printf_core
    printfa.o(i.__0vfprintf) refers to usart.o(i.fputc) for fputc
    printfa.o(i.__0vprintf) refers (Special) to iusefp.o(.text) for __I$use$fp
    printfa.o(i.__0vprintf) refers to printfa.o(i._printf_core) for _printf_core
    printfa.o(i.__0vprintf) refers to usart.o(i.fputc) for fputc
    printfa.o(i.__0vprintf) refers to stdout.o(.data) for __stdout
    printfa.o(i.__0vsnprintf) refers (Special) to iusefp.o(.text) for __I$use$fp
    printfa.o(i.__0vsnprintf) refers to printfa.o(i._printf_core) for _printf_core
    printfa.o(i.__0vsnprintf) refers to printfa.o(i._snputc) for _snputc
    printfa.o(i.__0vsprintf) refers (Special) to iusefp.o(.text) for __I$use$fp
    printfa.o(i.__0vsprintf) refers to printfa.o(i._printf_core) for _printf_core
    printfa.o(i.__0vsprintf) refers to printfa.o(i._sputc) for _sputc
    printfa.o(i._fp_digits) refers (Special) to iusefp.o(.text) for __I$use$fp
    printfa.o(i._fp_digits) refers to dmul.o(.text) for __aeabi_dmul
    printfa.o(i._fp_digits) refers to ddiv.o(.text) for __aeabi_ddiv
    printfa.o(i._fp_digits) refers to cdrcmple.o(.text) for __aeabi_cdrcmple
    printfa.o(i._fp_digits) refers to dadd.o(.text) for __aeabi_dadd
    printfa.o(i._fp_digits) refers to dfixul.o(.text) for __aeabi_d2ulz
    printfa.o(i._fp_digits) refers to uldiv.o(.text) for __aeabi_uldivmod
    printfa.o(i._printf_core) refers (Special) to iusefp.o(.text) for __I$use$fp
    printfa.o(i._printf_core) refers to printfa.o(i._printf_pre_padding) for _printf_pre_padding
    printfa.o(i._printf_core) refers to uldiv.o(.text) for __aeabi_uldivmod
    printfa.o(i._printf_core) refers to printfa.o(i._printf_post_padding) for _printf_post_padding
    printfa.o(i._printf_core) refers to printfa.o(i._fp_digits) for _fp_digits
    printfa.o(i._printf_core) refers to uidiv.o(.text) for __aeabi_uidivmod
    printfa.o(i._printf_post_padding) refers (Special) to iusefp.o(.text) for __I$use$fp
    printfa.o(i._printf_pre_padding) refers (Special) to iusefp.o(.text) for __I$use$fp
    printfa.o(i._snputc) refers (Special) to iusefp.o(.text) for __I$use$fp
    printfa.o(i._sputc) refers (Special) to iusefp.o(.text) for __I$use$fp
    dadd.o(.text) refers (Special) to iusefp.o(.text) for __I$use$fp
    dadd.o(.text) refers to llshl.o(.text) for __aeabi_llsl
    dadd.o(.text) refers to llsshr.o(.text) for __aeabi_lasr
    dadd.o(.text) refers to depilogue.o(.text) for _double_epilogue
    dmul.o(.text) refers (Special) to iusefp.o(.text) for __I$use$fp
    dmul.o(.text) refers to depilogue.o(.text) for _double_epilogue
    ddiv.o(.text) refers (Special) to iusefp.o(.text) for __I$use$fp
    ddiv.o(.text) refers to depilogue.o(.text) for _double_round
    dfltui.o(.text) refers (Special) to iusefp.o(.text) for __I$use$fp
    dfltui.o(.text) refers to depilogue.o(.text) for _double_epilogue
    entry2.o(.ARM.Collect$$$$00000001) refers to entry2.o(.ARM.Collect$$$$00002712) for __lit__00000000
    entry2.o(.ARM.Collect$$$$00002712) refers to startup_stm32f10x_hd.o(STACK) for __initial_sp
    entry2.o(__vectab_stack_and_reset_area) refers to startup_stm32f10x_hd.o(STACK) for __initial_sp
    entry2.o(__vectab_stack_and_reset_area) refers to entry.o(.ARM.Collect$$$$00000000) for __main
    entry5.o(.ARM.Collect$$$$00000004) refers to init.o(.text) for __scatterload
    entry9a.o(.ARM.Collect$$$$0000000B) refers to main.o(i.main) for main
    entry9b.o(.ARM.Collect$$$$0000000C) refers to main.o(i.main) for main
    uldiv.o(.text) refers to llushr.o(.text) for __aeabi_llsr
    uldiv.o(.text) refers to llshl.o(.text) for __aeabi_llsl
    depilogue.o(.text) refers to llshl.o(.text) for __aeabi_llsl
    depilogue.o(.text) refers to llushr.o(.text) for __aeabi_llsr
    dfixul.o(.text) refers to llushr.o(.text) for __aeabi_llsr
    dfixul.o(.text) refers to llshl.o(.text) for __aeabi_llsl
    init.o(.text) refers to entry5.o(.ARM.Collect$$$$00000004) for __main_after_scatterload


==============================================================================

Removing Unused input sections from the image.

    Removing core_cm3.o(.emb_text), (32 bytes).
    Removing startup_stm32f10x_hd.o(HEAP), (512 bytes).
    Removing system_stm32f10x.o(i.SystemCoreClockUpdate), (100 bytes).
    Removing system_stm32f10x.o(.data), (20 bytes).
    Removing led.o(i.LED_Init), (144 bytes).
    Removing led.o(i.LED_OffAll), (30 bytes).
    Removing led.o(i.LED_OnAll), (30 bytes).
    Removing key.o(i.Key_SW5_Init), (164 bytes).
    Removing eeprom.o(i.EEPROM_Read), (102 bytes).
    Removing eeprom.o(i.EEPROM_WritePage), (80 bytes).
    Removing eeprom.o(i.EEPROM_WriteToOnePage), (64 bytes).
    Removing delay.o(i.Delay_s), (24 bytes).
    Removing usart.o(i.USART1_Init_DMA), (32 bytes).
    Removing usart.o(i.USART1_Init_IT), (80 bytes).
    Removing usart.o(i.USART1_ReceiveByte), (24 bytes).
    Removing usart.o(i.USART1_ReceiveBytes), (48 bytes).
    Removing usart.o(i.USART1_Register_RX_Callback), (12 bytes).
    Removing usart.o(i.USART1_TransmitBytes), (26 bytes).
    Removing iic2.o(i.IIC2_Init), (116 bytes).
    Removing iic2.o(i.IIC2_RecvByte), (44 bytes).
    Removing iic2.o(i.IIC2_SendACK), (28 bytes).
    Removing iic2.o(i.IIC2_SendAddr), (48 bytes).
    Removing iic2.o(i.IIC2_SendByte), (52 bytes).
    Removing iic2.o(i.IIC2_Start), (48 bytes).
    Removing iic2.o(i.IIC2_Stop), (16 bytes).
    Removing systick.o(i.systick_callback_register), (12 bytes).
    Removing systick.o(i.systick_init), (40 bytes).
    Removing tim6.o(i.TIM6_Init), (116 bytes).
    Removing tim6.o(i.TIM6_SetCallback), (12 bytes).
    Removing tim5.o(i.TIM5_LED), (44 bytes).
    Removing tim5.o(i.TIM5_SetDutyCycle), (12 bytes).
    Removing tim5.o(i.TIM5_Stop), (16 bytes).
    Removing tim5.o(.data), (4 bytes).
    Removing tim4.o(i.TIM4_GetCycle_ms), (32 bytes).
    Removing tim4.o(i.TIM4_GetDuty), (64 bytes).
    Removing tim4.o(i.TIM4_GetFreq), (36 bytes).
    Removing tim4.o(i.TIM4_Init), (236 bytes).
    Removing tim4.o(i.TIM4_Start), (16 bytes).
    Removing tim4.o(i.TIM4_Stop), (16 bytes).
    Removing tim1.o(i.TIM1_Init), (244 bytes).
    Removing tim1.o(i.TIM1_SetDutyCycle), (12 bytes).
    Removing tim1.o(i.TIM1_Start), (16 bytes).
    Removing dma1.o(i.DMA1_RX_Init), (112 bytes).
    Removing dma1.o(i.DMA1_Receive), (24 bytes).
    Removing dma1.o(i.DMA1_Register_RX_AddCallback), (12 bytes).
    Removing dma1.o(i.DMA1_Register_TX_AddCallback), (12 bytes).
    Removing dma1.o(i.DMA1_TX_Init), (112 bytes).
    Removing dma1.o(i.DMA1_Transmit), (24 bytes).
    Removing dma1.o(i.NVIC_EnableIRQ), (22 bytes).
    Removing dma1.o(i.NVIC_SetPriority), (32 bytes).
    Removing dma1.o(i.NVIC_SetPriorityGrouping), (36 bytes).
    Removing adc1.o(i.ADC1_GetVoltage), (44 bytes).
    Removing adc1.o(i.ADC1_Init_Channel10), (120 bytes).

53 unused section(s) (total 3354 bytes) removed from the image.

==============================================================================

Image Symbol Table

    Local Symbols

    Symbol Name                              Value     Ov Type        Size  Object(Section)

    ../clib/microlib/division.c              0x00000000   Number         0  uldiv.o ABSOLUTE
    ../clib/microlib/division.c              0x00000000   Number         0  uidiv.o ABSOLUTE
    ../clib/microlib/init/entry.s            0x00000000   Number         0  entry9a.o ABSOLUTE
    ../clib/microlib/init/entry.s            0x00000000   Number         0  entry9b.o ABSOLUTE
    ../clib/microlib/init/entry.s            0x00000000   Number         0  entry10a.o ABSOLUTE
    ../clib/microlib/init/entry.s            0x00000000   Number         0  entry8b.o ABSOLUTE
    ../clib/microlib/init/entry.s            0x00000000   Number         0  entry2.o ABSOLUTE
    ../clib/microlib/init/entry.s            0x00000000   Number         0  entry10b.o ABSOLUTE
    ../clib/microlib/init/entry.s            0x00000000   Number         0  entry11a.o ABSOLUTE
    ../clib/microlib/init/entry.s            0x00000000   Number         0  entry11b.o ABSOLUTE
    ../clib/microlib/init/entry.s            0x00000000   Number         0  entry.o ABSOLUTE
    ../clib/microlib/init/entry.s            0x00000000   Number         0  entry12a.o ABSOLUTE
    ../clib/microlib/init/entry.s            0x00000000   Number         0  entry12b.o ABSOLUTE
    ../clib/microlib/init/entry.s            0x00000000   Number         0  entry8a.o ABSOLUTE
    ../clib/microlib/init/entry.s            0x00000000   Number         0  entry7b.o ABSOLUTE
    ../clib/microlib/init/entry.s            0x00000000   Number         0  entry7a.o ABSOLUTE
    ../clib/microlib/init/entry.s            0x00000000   Number         0  entry5.o ABSOLUTE
    ../clib/microlib/longlong.c              0x00000000   Number         0  llshl.o ABSOLUTE
    ../clib/microlib/longlong.c              0x00000000   Number         0  llsshr.o ABSOLUTE
    ../clib/microlib/longlong.c              0x00000000   Number         0  llushr.o ABSOLUTE
    ../clib/microlib/printf/printf.c         0x00000000   Number         0  printf1.o ABSOLUTE
    ../clib/microlib/printf/printf.c         0x00000000   Number         0  printf2.o ABSOLUTE
    ../clib/microlib/printf/printf.c         0x00000000   Number         0  printf3.o ABSOLUTE
    ../clib/microlib/printf/printf.c         0x00000000   Number         0  printf5.o ABSOLUTE
    ../clib/microlib/printf/printf.c         0x00000000   Number         0  printf6.o ABSOLUTE
    ../clib/microlib/printf/printf.c         0x00000000   Number         0  printf7.o ABSOLUTE
    ../clib/microlib/printf/printf.c         0x00000000   Number         0  printf4.o ABSOLUTE
    ../clib/microlib/printf/printf.c         0x00000000   Number         0  printfa.o ABSOLUTE
    ../clib/microlib/printf/printf.c         0x00000000   Number         0  printf8.o ABSOLUTE
    ../clib/microlib/printf/printf.c         0x00000000   Number         0  printfb.o ABSOLUTE
    ../clib/microlib/printf/printf.c         0x00000000   Number         0  printf0.o ABSOLUTE
    ../clib/microlib/printf/stubs.s          0x00000000   Number         0  stubs.o ABSOLUTE
    ../clib/microlib/stdio/streams.c         0x00000000   Number         0  stdout.o ABSOLUTE
    ../clib/microlib/stubs.s                 0x00000000   Number         0  iusefp.o ABSOLUTE
    ../fplib/microlib/fpadd.c                0x00000000   Number         0  dadd.o ABSOLUTE
    ../fplib/microlib/fpdiv.c                0x00000000   Number         0  ddiv.o ABSOLUTE
    ../fplib/microlib/fpepilogue.c           0x00000000   Number         0  depilogue.o ABSOLUTE
    ../fplib/microlib/fpfix.c                0x00000000   Number         0  dfixul.o ABSOLUTE
    ../fplib/microlib/fpflt.c                0x00000000   Number         0  dfltui.o ABSOLUTE
    ../fplib/microlib/fpmul.c                0x00000000   Number         0  dmul.o ABSOLUTE
    Start\\core_cm3.c                        0x00000000   Number         0  core_cm3.o ABSOLUTE
    Start\core_cm3.c                         0x00000000   Number         0  core_cm3.o ABSOLUTE
    Start\startup_stm32f10x_hd.s             0x00000000   Number         0  startup_stm32f10x_hd.o ABSOLUTE
    Start\system_stm32f10x.c                 0x00000000   Number         0  system_stm32f10x.o ABSOLUTE
    User\Common\Delay.c                      0x00000000   Number         0  delay.o ABSOLUTE
    User\Driver\ADC1.c                       0x00000000   Number         0  adc1.o ABSOLUTE
    User\Driver\DMA1.c                       0x00000000   Number         0  dma1.o ABSOLUTE
    User\Driver\IIC2.c                       0x00000000   Number         0  iic2.o ABSOLUTE
    User\Driver\Systick.c                    0x00000000   Number         0  systick.o ABSOLUTE
    User\Driver\TIM1.c                       0x00000000   Number         0  tim1.o ABSOLUTE
    User\Driver\TIM4.c                       0x00000000   Number         0  tim4.o ABSOLUTE
    User\Driver\TIM5.c                       0x00000000   Number         0  tim5.o ABSOLUTE
    User\Driver\TIM6.c                       0x00000000   Number         0  tim6.o ABSOLUTE
    User\Driver\USART.c                      0x00000000   Number         0  usart.o ABSOLUTE
    User\Hardware\EEPROM.c                   0x00000000   Number         0  eeprom.o ABSOLUTE
    User\Hardware\Key.c                      0x00000000   Number         0  key.o ABSOLUTE
    User\Hardware\LED.c                      0x00000000   Number         0  led.o ABSOLUTE
    User\main.c                              0x00000000   Number         0  main.o ABSOLUTE
    cdrcmple.s                               0x00000000   Number         0  cdrcmple.o ABSOLUTE
    dc.s                                     0x00000000   Number         0  dc.o ABSOLUTE
    handlers.s                               0x00000000   Number         0  handlers.o ABSOLUTE
    init.s                                   0x00000000   Number         0  init.o ABSOLUTE
    RESET                                    0x08000000   Section      304  startup_stm32f10x_hd.o(RESET)
    .ARM.Collect$$$$00000000                 0x08000130   Section        0  entry.o(.ARM.Collect$$$$00000000)
    .ARM.Collect$$$$00000001                 0x08000130   Section        4  entry2.o(.ARM.Collect$$$$00000001)
    .ARM.Collect$$$$00000004                 0x08000134   Section        4  entry5.o(.ARM.Collect$$$$00000004)
    .ARM.Collect$$$$00000008                 0x08000138   Section        0  entry7b.o(.ARM.Collect$$$$00000008)
    .ARM.Collect$$$$0000000A                 0x08000138   Section        0  entry8b.o(.ARM.Collect$$$$0000000A)
    .ARM.Collect$$$$0000000B                 0x08000138   Section        8  entry9a.o(.ARM.Collect$$$$0000000B)
    .ARM.Collect$$$$0000000E                 0x08000140   Section        4  entry12b.o(.ARM.Collect$$$$0000000E)
    .ARM.Collect$$$$0000000F                 0x08000144   Section        0  entry10a.o(.ARM.Collect$$$$0000000F)
    .ARM.Collect$$$$00000011                 0x08000144   Section        0  entry11a.o(.ARM.Collect$$$$00000011)
    .ARM.Collect$$$$00002712                 0x08000144   Section        4  entry2.o(.ARM.Collect$$$$00002712)
    __lit__00000000                          0x08000144   Data           4  entry2.o(.ARM.Collect$$$$00002712)
    .text                                    0x08000148   Section       36  startup_stm32f10x_hd.o(.text)
    .text                                    0x0800016c   Section        0  dadd.o(.text)
    .text                                    0x080002ba   Section        0  dmul.o(.text)
    .text                                    0x0800039e   Section        0  ddiv.o(.text)
    .text                                    0x0800047c   Section        0  dfltui.o(.text)
    .text                                    0x08000496   Section        0  uidiv.o(.text)
    .text                                    0x080004c2   Section        0  uldiv.o(.text)
    .text                                    0x08000524   Section        0  llshl.o(.text)
    .text                                    0x08000542   Section        0  llsshr.o(.text)
    .text                                    0x08000566   Section        0  depilogue.o(.text)
    .text                                    0x08000566   Section        0  iusefp.o(.text)
    .text                                    0x08000620   Section        0  dfixul.o(.text)
    .text                                    0x08000650   Section       48  cdrcmple.o(.text)
    .text                                    0x08000680   Section       36  init.o(.text)
    .text                                    0x080006a4   Section        0  llushr.o(.text)
    i.ADC1_Init                              0x080006c4   Section        0  adc1.o(i.ADC1_Init)
    i.ADC1_Init_Channel12                    0x08000730   Section        0  adc1.o(i.ADC1_Init_Channel12)
    i.ADC1_Start                             0x080007a8   Section        0  adc1.o(i.ADC1_Start)
    i.DMA1_ADC_Init                          0x080007d8   Section        0  dma1.o(i.DMA1_ADC_Init)
    i.DMA1_ADC_Receive                       0x08000838   Section        0  dma1.o(i.DMA1_ADC_Receive)
    i.DMA1_Channel4_IRQHandler               0x08000854   Section        0  dma1.o(i.DMA1_Channel4_IRQHandler)
    i.DMA1_Channel5_IRQHandler               0x08000880   Section        0  dma1.o(i.DMA1_Channel5_IRQHandler)
    i.Delay_ms                               0x080008a4   Section        0  delay.o(i.Delay_ms)
    i.Delay_us                               0x080008bc   Section        0  delay.o(i.Delay_us)
    i.EXTI15_10_IRQHandler                   0x080008fc   Section        0  key.o(i.EXTI15_10_IRQHandler)
    i.LED_Off                                0x0800092c   Section        0  led.o(i.LED_Off)
    i.LED_On                                 0x0800093c   Section        0  led.o(i.LED_On)
    i.LED_Toggle                             0x0800094c   Section        0  led.o(i.LED_Toggle)
    i.SetSysClockTo72                        0x08000960   Section        0  system_stm32f10x.o(i.SetSysClockTo72)
    SetSysClockTo72                          0x08000961   Thumb Code   160  system_stm32f10x.o(i.SetSysClockTo72)
    i.SysTick_Handler                        0x08000a08   Section        0  systick.o(i.SysTick_Handler)
    i.SystemInit                             0x08000a2c   Section        0  system_stm32f10x.o(i.SystemInit)
    i.TIM1_Stop                              0x08000a7c   Section        0  tim1.o(i.TIM1_Stop)
    i.TIM1_UP_IRQHandler                     0x08000a8c   Section        0  tim1.o(i.TIM1_UP_IRQHandler)
    i.TIM5_Init                              0x08000aa0   Section        0  tim5.o(i.TIM5_Init)
    i.TIM5_Start                             0x08000b2c   Section        0  tim5.o(i.TIM5_Start)
    i.TIM6_IRQHandler                        0x08000b3c   Section        0  tim6.o(i.TIM6_IRQHandler)
    i.USART1_IRQHandler                      0x08000b64   Section        0  usart.o(i.USART1_IRQHandler)
    i.USART1_Init                            0x08000ba4   Section        0  usart.o(i.USART1_Init)
    i.USART1_TransmitByte                    0x08000c20   Section        0  usart.o(i.USART1_TransmitByte)
    i.__0printf                              0x08000c34   Section        0  printfa.o(i.__0printf)
    i.__scatterload_copy                     0x08000c54   Section       14  handlers.o(i.__scatterload_copy)
    i.__scatterload_null                     0x08000c62   Section        2  handlers.o(i.__scatterload_null)
    i.__scatterload_zeroinit                 0x08000c64   Section       14  handlers.o(i.__scatterload_zeroinit)
    i._fp_digits                             0x08000c74   Section        0  printfa.o(i._fp_digits)
    _fp_digits                               0x08000c75   Thumb Code   366  printfa.o(i._fp_digits)
    i._printf_core                           0x08000df8   Section        0  printfa.o(i._printf_core)
    _printf_core                             0x08000df9   Thumb Code  1704  printfa.o(i._printf_core)
    i._printf_post_padding                   0x080014ac   Section        0  printfa.o(i._printf_post_padding)
    _printf_post_padding                     0x080014ad   Thumb Code    36  printfa.o(i._printf_post_padding)
    i._printf_pre_padding                    0x080014d0   Section        0  printfa.o(i._printf_pre_padding)
    _printf_pre_padding                      0x080014d1   Thumb Code    46  printfa.o(i._printf_pre_padding)
    i.fputc                                  0x080014fe   Section        0  usart.o(i.fputc)
    i.main                                   0x0800150c   Section        0  main.o(i.main)
    .data                                    0x20000000   Section        8  usart.o(.data)
    .data                                    0x20000008   Section       12  systick.o(.data)
    ticks                                    0x20000010   Data           4  systick.o(.data)
    .data                                    0x20000014   Section        8  tim6.o(.data)
    P                                        0x20000014   Data           2  tim6.o(.data)
    callback                                 0x20000018   Data           4  tim6.o(.data)
    .data                                    0x2000001c   Section       16  dma1.o(.data)
    .data                                    0x2000002c   Section        1  adc1.o(.data)
    ADC1_Channel_Num                         0x2000002c   Data           1  adc1.o(.data)
    .data                                    0x20000030   Section        4  stdout.o(.data)
    .bss                                     0x20000034   Section       64  usart.o(.bss)
    STACK                                    0x20000078   Section     1024  startup_stm32f10x_hd.o(STACK)

    Global Symbols

    Symbol Name                              Value     Ov Type        Size  Object(Section)

    BuildAttributes$$THM_ISAv4$P$D$K$B$S$PE$A:L22UL41UL21$X:L11$S22US41US21$IEEE1$IW$USESV6$~STKCKD$USESV7$~SHL$OSPACE$ROPI$EBA8$MICROLIB$REQ8$PRES8$EABIv2 0x00000000   Number         0  anon$$obj.o ABSOLUTE
    __ARM_use_no_argv                        0x00000000   Number         0  main.o ABSOLUTE
    _printf_a                                0x00000000   Number         0  stubs.o ABSOLUTE
    _printf_c                                0x00000000   Number         0  stubs.o ABSOLUTE
    _printf_charcount                        0x00000000   Number         0  stubs.o ABSOLUTE
    _printf_d                                0x00000000   Number         0  stubs.o ABSOLUTE
    _printf_e                                0x00000000   Number         0  stubs.o ABSOLUTE
    _printf_f                                0x00000000   Number         0  stubs.o ABSOLUTE
    _printf_flags                            0x00000000   Number         0  stubs.o ABSOLUTE
    _printf_fp_dec                           0x00000000   Number         0  stubs.o ABSOLUTE
    _printf_fp_hex                           0x00000000   Number         0  stubs.o ABSOLUTE
    _printf_g                                0x00000000   Number         0  stubs.o ABSOLUTE
    _printf_i                                0x00000000   Number         0  stubs.o ABSOLUTE
    _printf_int_dec                          0x00000000   Number         0  stubs.o ABSOLUTE
    _printf_l                                0x00000000   Number         0  stubs.o ABSOLUTE
    _printf_lc                               0x00000000   Number         0  stubs.o ABSOLUTE
    _printf_ll                               0x00000000   Number         0  stubs.o ABSOLUTE
    _printf_lld                              0x00000000   Number         0  stubs.o ABSOLUTE
    _printf_lli                              0x00000000   Number         0  stubs.o ABSOLUTE
    _printf_llo                              0x00000000   Number         0  stubs.o ABSOLUTE
    _printf_llu                              0x00000000   Number         0  stubs.o ABSOLUTE
    _printf_llx                              0x00000000   Number         0  stubs.o ABSOLUTE
    _printf_longlong_dec                     0x00000000   Number         0  stubs.o ABSOLUTE
    _printf_longlong_hex                     0x00000000   Number         0  stubs.o ABSOLUTE
    _printf_longlong_oct                     0x00000000   Number         0  stubs.o ABSOLUTE
    _printf_ls                               0x00000000   Number         0  stubs.o ABSOLUTE
    _printf_mbtowc                           0x00000000   Number         0  stubs.o ABSOLUTE
    _printf_n                                0x00000000   Number         0  stubs.o ABSOLUTE
    _printf_o                                0x00000000   Number         0  stubs.o ABSOLUTE
    _printf_p                                0x00000000   Number         0  stubs.o ABSOLUTE
    _printf_percent                          0x00000000   Number         0  stubs.o ABSOLUTE
    _printf_pre_padding                      0x00000000   Number         0  stubs.o ABSOLUTE
    _printf_return_value                     0x00000000   Number         0  stubs.o ABSOLUTE
    _printf_s                                0x00000000   Number         0  stubs.o ABSOLUTE
    _printf_sizespec                         0x00000000   Number         0  stubs.o ABSOLUTE
    _printf_str                              0x00000000   Number         0  stubs.o ABSOLUTE
    _printf_truncate_signed                  0x00000000   Number         0  stubs.o ABSOLUTE
    _printf_truncate_unsigned                0x00000000   Number         0  stubs.o ABSOLUTE
    _printf_u                                0x00000000   Number         0  stubs.o ABSOLUTE
    _printf_wc                               0x00000000   Number         0  stubs.o ABSOLUTE
    _printf_wctomb                           0x00000000   Number         0  stubs.o ABSOLUTE
    _printf_widthprec                        0x00000000   Number         0  stubs.o ABSOLUTE
    _printf_x                                0x00000000   Number         0  stubs.o ABSOLUTE
    __arm_fini_                               - Undefined Weak Reference
    __cpp_initialize__aeabi_                  - Undefined Weak Reference
    __cxa_finalize                            - Undefined Weak Reference
    __decompress                              - Undefined Weak Reference
    _clock_init                               - Undefined Weak Reference
    _microlib_exit                            - Undefined Weak Reference
    __Vectors_Size                           0x00000130   Number         0  startup_stm32f10x_hd.o ABSOLUTE
    __Vectors                                0x08000000   Data           4  startup_stm32f10x_hd.o(RESET)
    __Vectors_End                            0x08000130   Data           0  startup_stm32f10x_hd.o(RESET)
    __main                                   0x08000131   Thumb Code     0  entry.o(.ARM.Collect$$$$00000000)
    _main_stk                                0x08000131   Thumb Code     0  entry2.o(.ARM.Collect$$$$00000001)
    _main_scatterload                        0x08000135   Thumb Code     0  entry5.o(.ARM.Collect$$$$00000004)
    __main_after_scatterload                 0x08000139   Thumb Code     0  entry5.o(.ARM.Collect$$$$00000004)
    _main_clock                              0x08000139   Thumb Code     0  entry7b.o(.ARM.Collect$$$$00000008)
    _main_cpp_init                           0x08000139   Thumb Code     0  entry8b.o(.ARM.Collect$$$$0000000A)
    _main_init                               0x08000139   Thumb Code     0  entry9a.o(.ARM.Collect$$$$0000000B)
    __rt_lib_shutdown_fini                   0x08000141   Thumb Code     0  entry12b.o(.ARM.Collect$$$$0000000E)
    __rt_final_cpp                           0x08000145   Thumb Code     0  entry10a.o(.ARM.Collect$$$$0000000F)
    __rt_final_exit                          0x08000145   Thumb Code     0  entry11a.o(.ARM.Collect$$$$00000011)
    Reset_Handler                            0x08000149   Thumb Code     8  startup_stm32f10x_hd.o(.text)
    NMI_Handler                              0x08000151   Thumb Code     2  startup_stm32f10x_hd.o(.text)
    HardFault_Handler                        0x08000153   Thumb Code     2  startup_stm32f10x_hd.o(.text)
    MemManage_Handler                        0x08000155   Thumb Code     2  startup_stm32f10x_hd.o(.text)
    BusFault_Handler                         0x08000157   Thumb Code     2  startup_stm32f10x_hd.o(.text)
    UsageFault_Handler                       0x08000159   Thumb Code     2  startup_stm32f10x_hd.o(.text)
    SVC_Handler                              0x0800015b   Thumb Code     2  startup_stm32f10x_hd.o(.text)
    DebugMon_Handler                         0x0800015d   Thumb Code     2  startup_stm32f10x_hd.o(.text)
    PendSV_Handler                           0x0800015f   Thumb Code     2  startup_stm32f10x_hd.o(.text)
    ADC1_2_IRQHandler                        0x08000163   Thumb Code     0  startup_stm32f10x_hd.o(.text)
    ADC3_IRQHandler                          0x08000163   Thumb Code     0  startup_stm32f10x_hd.o(.text)
    CAN1_RX1_IRQHandler                      0x08000163   Thumb Code     0  startup_stm32f10x_hd.o(.text)
    CAN1_SCE_IRQHandler                      0x08000163   Thumb Code     0  startup_stm32f10x_hd.o(.text)
    DMA1_Channel1_IRQHandler                 0x08000163   Thumb Code     0  startup_stm32f10x_hd.o(.text)
    DMA1_Channel2_IRQHandler                 0x08000163   Thumb Code     0  startup_stm32f10x_hd.o(.text)
    DMA1_Channel3_IRQHandler                 0x08000163   Thumb Code     0  startup_stm32f10x_hd.o(.text)
    DMA1_Channel6_IRQHandler                 0x08000163   Thumb Code     0  startup_stm32f10x_hd.o(.text)
    DMA1_Channel7_IRQHandler                 0x08000163   Thumb Code     0  startup_stm32f10x_hd.o(.text)
    DMA2_Channel1_IRQHandler                 0x08000163   Thumb Code     0  startup_stm32f10x_hd.o(.text)
    DMA2_Channel2_IRQHandler                 0x08000163   Thumb Code     0  startup_stm32f10x_hd.o(.text)
    DMA2_Channel3_IRQHandler                 0x08000163   Thumb Code     0  startup_stm32f10x_hd.o(.text)
    DMA2_Channel4_5_IRQHandler               0x08000163   Thumb Code     0  startup_stm32f10x_hd.o(.text)
    EXTI0_IRQHandler                         0x08000163   Thumb Code     0  startup_stm32f10x_hd.o(.text)
    EXTI1_IRQHandler                         0x08000163   Thumb Code     0  startup_stm32f10x_hd.o(.text)
    EXTI2_IRQHandler                         0x08000163   Thumb Code     0  startup_stm32f10x_hd.o(.text)
    EXTI3_IRQHandler                         0x08000163   Thumb Code     0  startup_stm32f10x_hd.o(.text)
    EXTI4_IRQHandler                         0x08000163   Thumb Code     0  startup_stm32f10x_hd.o(.text)
    EXTI9_5_IRQHandler                       0x08000163   Thumb Code     0  startup_stm32f10x_hd.o(.text)
    FLASH_IRQHandler                         0x08000163   Thumb Code     0  startup_stm32f10x_hd.o(.text)
    FSMC_IRQHandler                          0x08000163   Thumb Code     0  startup_stm32f10x_hd.o(.text)
    I2C1_ER_IRQHandler                       0x08000163   Thumb Code     0  startup_stm32f10x_hd.o(.text)
    I2C1_EV_IRQHandler                       0x08000163   Thumb Code     0  startup_stm32f10x_hd.o(.text)
    I2C2_ER_IRQHandler                       0x08000163   Thumb Code     0  startup_stm32f10x_hd.o(.text)
    I2C2_EV_IRQHandler                       0x08000163   Thumb Code     0  startup_stm32f10x_hd.o(.text)
    PVD_IRQHandler                           0x08000163   Thumb Code     0  startup_stm32f10x_hd.o(.text)
    RCC_IRQHandler                           0x08000163   Thumb Code     0  startup_stm32f10x_hd.o(.text)
    RTCAlarm_IRQHandler                      0x08000163   Thumb Code     0  startup_stm32f10x_hd.o(.text)
    RTC_IRQHandler                           0x08000163   Thumb Code     0  startup_stm32f10x_hd.o(.text)
    SDIO_IRQHandler                          0x08000163   Thumb Code     0  startup_stm32f10x_hd.o(.text)
    SPI1_IRQHandler                          0x08000163   Thumb Code     0  startup_stm32f10x_hd.o(.text)
    SPI2_IRQHandler                          0x08000163   Thumb Code     0  startup_stm32f10x_hd.o(.text)
    SPI3_IRQHandler                          0x08000163   Thumb Code     0  startup_stm32f10x_hd.o(.text)
    TAMPER_IRQHandler                        0x08000163   Thumb Code     0  startup_stm32f10x_hd.o(.text)
    TIM1_BRK_IRQHandler                      0x08000163   Thumb Code     0  startup_stm32f10x_hd.o(.text)
    TIM1_CC_IRQHandler                       0x08000163   Thumb Code     0  startup_stm32f10x_hd.o(.text)
    TIM1_TRG_COM_IRQHandler                  0x08000163   Thumb Code     0  startup_stm32f10x_hd.o(.text)
    TIM2_IRQHandler                          0x08000163   Thumb Code     0  startup_stm32f10x_hd.o(.text)
    TIM3_IRQHandler                          0x08000163   Thumb Code     0  startup_stm32f10x_hd.o(.text)
    TIM4_IRQHandler                          0x08000163   Thumb Code     0  startup_stm32f10x_hd.o(.text)
    TIM5_IRQHandler                          0x08000163   Thumb Code     0  startup_stm32f10x_hd.o(.text)
    TIM7_IRQHandler                          0x08000163   Thumb Code     0  startup_stm32f10x_hd.o(.text)
    TIM8_BRK_IRQHandler                      0x08000163   Thumb Code     0  startup_stm32f10x_hd.o(.text)
    TIM8_CC_IRQHandler                       0x08000163   Thumb Code     0  startup_stm32f10x_hd.o(.text)
    TIM8_TRG_COM_IRQHandler                  0x08000163   Thumb Code     0  startup_stm32f10x_hd.o(.text)
    TIM8_UP_IRQHandler                       0x08000163   Thumb Code     0  startup_stm32f10x_hd.o(.text)
    UART4_IRQHandler                         0x08000163   Thumb Code     0  startup_stm32f10x_hd.o(.text)
    UART5_IRQHandler                         0x08000163   Thumb Code     0  startup_stm32f10x_hd.o(.text)
    USART2_IRQHandler                        0x08000163   Thumb Code     0  startup_stm32f10x_hd.o(.text)
    USART3_IRQHandler                        0x08000163   Thumb Code     0  startup_stm32f10x_hd.o(.text)
    USBWakeUp_IRQHandler                     0x08000163   Thumb Code     0  startup_stm32f10x_hd.o(.text)
    USB_HP_CAN1_TX_IRQHandler                0x08000163   Thumb Code     0  startup_stm32f10x_hd.o(.text)
    USB_LP_CAN1_RX0_IRQHandler               0x08000163   Thumb Code     0  startup_stm32f10x_hd.o(.text)
    WWDG_IRQHandler                          0x08000163   Thumb Code     0  startup_stm32f10x_hd.o(.text)
    __aeabi_dadd                             0x0800016d   Thumb Code   322  dadd.o(.text)
    __aeabi_dsub                             0x080002af   Thumb Code     6  dadd.o(.text)
    __aeabi_drsub                            0x080002b5   Thumb Code     6  dadd.o(.text)
    __aeabi_dmul                             0x080002bb   Thumb Code   228  dmul.o(.text)
    __aeabi_ddiv                             0x0800039f   Thumb Code   222  ddiv.o(.text)
    __aeabi_ui2d                             0x0800047d   Thumb Code    26  dfltui.o(.text)
    __aeabi_uidiv                            0x08000497   Thumb Code     0  uidiv.o(.text)
    __aeabi_uidivmod                         0x08000497   Thumb Code    44  uidiv.o(.text)
    __aeabi_uldivmod                         0x080004c3   Thumb Code    98  uldiv.o(.text)
    __aeabi_llsl                             0x08000525   Thumb Code    30  llshl.o(.text)
    _ll_shift_l                              0x08000525   Thumb Code     0  llshl.o(.text)
    __aeabi_lasr                             0x08000543   Thumb Code    36  llsshr.o(.text)
    _ll_sshift_r                             0x08000543   Thumb Code     0  llsshr.o(.text)
    __I$use$fp                               0x08000567   Thumb Code     0  iusefp.o(.text)
    _double_round                            0x08000567   Thumb Code    30  depilogue.o(.text)
    _double_epilogue                         0x08000585   Thumb Code   156  depilogue.o(.text)
    __aeabi_d2ulz                            0x08000621   Thumb Code    48  dfixul.o(.text)
    __aeabi_cdrcmple                         0x08000651   Thumb Code    48  cdrcmple.o(.text)
    __scatterload                            0x08000681   Thumb Code    28  init.o(.text)
    __scatterload_rt2                        0x08000681   Thumb Code     0  init.o(.text)
    __aeabi_llsr                             0x080006a5   Thumb Code    32  llushr.o(.text)
    _ll_ushift_r                             0x080006a5   Thumb Code     0  llushr.o(.text)
    ADC1_Init                                0x080006c5   Thumb Code    98  adc1.o(i.ADC1_Init)
    ADC1_Init_Channel12                      0x08000731   Thumb Code    98  adc1.o(i.ADC1_Init_Channel12)
    ADC1_Start                               0x080007a9   Thumb Code    44  adc1.o(i.ADC1_Start)
    DMA1_ADC_Init                            0x080007d9   Thumb Code    86  dma1.o(i.DMA1_ADC_Init)
    DMA1_ADC_Receive                         0x08000839   Thumb Code    20  dma1.o(i.DMA1_ADC_Receive)
    DMA1_Channel4_IRQHandler                 0x08000855   Thumb Code    36  dma1.o(i.DMA1_Channel4_IRQHandler)
    DMA1_Channel5_IRQHandler                 0x08000881   Thumb Code    28  dma1.o(i.DMA1_Channel5_IRQHandler)
    Delay_ms                                 0x080008a5   Thumb Code    24  delay.o(i.Delay_ms)
    Delay_us                                 0x080008bd   Thumb Code    62  delay.o(i.Delay_us)
    EXTI15_10_IRQHandler                     0x080008fd   Thumb Code    40  key.o(i.EXTI15_10_IRQHandler)
    LED_Off                                  0x0800092d   Thumb Code    10  led.o(i.LED_Off)
    LED_On                                   0x0800093d   Thumb Code    10  led.o(i.LED_On)
    LED_Toggle                               0x0800094d   Thumb Code    16  led.o(i.LED_Toggle)
    SysTick_Handler                          0x08000a09   Thumb Code    30  systick.o(i.SysTick_Handler)
    SystemInit                               0x08000a2d   Thumb Code    64  system_stm32f10x.o(i.SystemInit)
    TIM1_Stop                                0x08000a7d   Thumb Code    12  tim1.o(i.TIM1_Stop)
    TIM1_UP_IRQHandler                       0x08000a8d   Thumb Code    14  tim1.o(i.TIM1_UP_IRQHandler)
    TIM5_Init                                0x08000aa1   Thumb Code   128  tim5.o(i.TIM5_Init)
    TIM5_Start                               0x08000b2d   Thumb Code    12  tim5.o(i.TIM5_Start)
    TIM6_IRQHandler                          0x08000b3d   Thumb Code    30  tim6.o(i.TIM6_IRQHandler)
    USART1_IRQHandler                        0x08000b65   Thumb Code    52  usart.o(i.USART1_IRQHandler)
    USART1_Init                              0x08000ba5   Thumb Code   110  usart.o(i.USART1_Init)
    USART1_TransmitByte                      0x08000c21   Thumb Code    16  usart.o(i.USART1_TransmitByte)
    __0printf                                0x08000c35   Thumb Code    22  printfa.o(i.__0printf)
    __1printf                                0x08000c35   Thumb Code     0  printfa.o(i.__0printf)
    __2printf                                0x08000c35   Thumb Code     0  printfa.o(i.__0printf)
    __c89printf                              0x08000c35   Thumb Code     0  printfa.o(i.__0printf)
    printf                                   0x08000c35   Thumb Code     0  printfa.o(i.__0printf)
    __scatterload_copy                       0x08000c55   Thumb Code    14  handlers.o(i.__scatterload_copy)
    __scatterload_null                       0x08000c63   Thumb Code     2  handlers.o(i.__scatterload_null)
    __scatterload_zeroinit                   0x08000c65   Thumb Code    14  handlers.o(i.__scatterload_zeroinit)
    fputc                                    0x080014ff   Thumb Code    14  usart.o(i.fputc)
    main                                     0x0800150d   Thumb Code    94  main.o(i.main)
    Region$$Table$$Base                      0x08001588   Number         0  anon$$obj.o(Region$$Table)
    Region$$Table$$Limit                     0x080015a8   Number         0  anon$$obj.o(Region$$Table)
    USART1_RX_LEN                            0x20000000   Data           1  usart.o(.data)
    cb_USART                                 0x20000004   Data           4  usart.o(.data)
    P                                        0x20000008   Data           2  systick.o(.data)
    call_back                                0x2000000c   Data           4  systick.o(.data)
    DMA1_TX_Callback                         0x2000001c   Data           4  dma1.o(.data)
    DMA1_RX_Callback                         0x20000020   Data           4  dma1.o(.data)
    DMA1_RX_Addr                             0x20000024   Data           4  dma1.o(.data)
    DMA1_RX_Length                           0x20000028   Data           4  dma1.o(.data)
    __stdout                                 0x20000030   Data           4  stdout.o(.data)
    USART1_RX_BUF                            0x20000034   Data          64  usart.o(.bss)
    __initial_sp                             0x20000478   Data           0  startup_stm32f10x_hd.o(STACK)



==============================================================================

Memory Map of the image

  Image Entry point : 0x08000131

  Load Region LR_IROM1 (Base: 0x08000000, Size: 0x000015dc, Max: 0x00080000, ABSOLUTE)

    Execution Region ER_IROM1 (Exec base: 0x08000000, Load base: 0x08000000, Size: 0x000015a8, Max: 0x00080000, ABSOLUTE)

    Exec Addr    Load Addr    Size         Type   Attr      Idx    E Section Name        Object

    0x08000000   0x08000000   0x00000130   Data   RO           19    RESET               startup_stm32f10x_hd.o
    0x08000130   0x08000130   0x00000000   Code   RO          685  * .ARM.Collect$$$$00000000  mc_w.l(entry.o)
    0x08000130   0x08000130   0x00000004   Code   RO          957    .ARM.Collect$$$$00000001  mc_w.l(entry2.o)
    0x08000134   0x08000134   0x00000004   Code   RO          960    .ARM.Collect$$$$00000004  mc_w.l(entry5.o)
    0x08000138   0x08000138   0x00000000   Code   RO          962    .ARM.Collect$$$$00000008  mc_w.l(entry7b.o)
    0x08000138   0x08000138   0x00000000   Code   RO          964    .ARM.Collect$$$$0000000A  mc_w.l(entry8b.o)
    0x08000138   0x08000138   0x00000008   Code   RO          965    .ARM.Collect$$$$0000000B  mc_w.l(entry9a.o)
    0x08000140   0x08000140   0x00000004   Code   RO          972    .ARM.Collect$$$$0000000E  mc_w.l(entry12b.o)
    0x08000144   0x08000144   0x00000000   Code   RO          967    .ARM.Collect$$$$0000000F  mc_w.l(entry10a.o)
    0x08000144   0x08000144   0x00000000   Code   RO          969    .ARM.Collect$$$$00000011  mc_w.l(entry11a.o)
    0x08000144   0x08000144   0x00000004   Code   RO          958    .ARM.Collect$$$$00002712  mc_w.l(entry2.o)
    0x08000148   0x08000148   0x00000024   Code   RO           20    .text               startup_stm32f10x_hd.o
    0x0800016c   0x0800016c   0x0000014e   Code   RO          949    .text               mf_w.l(dadd.o)
    0x080002ba   0x080002ba   0x000000e4   Code   RO          951    .text               mf_w.l(dmul.o)
    0x0800039e   0x0800039e   0x000000de   Code   RO          953    .text               mf_w.l(ddiv.o)
    0x0800047c   0x0800047c   0x0000001a   Code   RO          955    .text               mf_w.l(dfltui.o)
    0x08000496   0x08000496   0x0000002c   Code   RO          974    .text               mc_w.l(uidiv.o)
    0x080004c2   0x080004c2   0x00000062   Code   RO          976    .text               mc_w.l(uldiv.o)
    0x08000524   0x08000524   0x0000001e   Code   RO          978    .text               mc_w.l(llshl.o)
    0x08000542   0x08000542   0x00000024   Code   RO          980    .text               mc_w.l(llsshr.o)
    0x08000566   0x08000566   0x00000000   Code   RO          982    .text               mc_w.l(iusefp.o)
    0x08000566   0x08000566   0x000000ba   Code   RO          983    .text               mf_w.l(depilogue.o)
    0x08000620   0x08000620   0x00000030   Code   RO          985    .text               mf_w.l(dfixul.o)
    0x08000650   0x08000650   0x00000030   Code   RO          987    .text               mf_w.l(cdrcmple.o)
    0x08000680   0x08000680   0x00000024   Code   RO          989    .text               mc_w.l(init.o)
    0x080006a4   0x080006a4   0x00000020   Code   RO          991    .text               mc_w.l(llushr.o)
    0x080006c4   0x080006c4   0x0000006c   Code   RO          641    i.ADC1_Init         adc1.o
    0x08000730   0x08000730   0x00000078   Code   RO          643    i.ADC1_Init_Channel12  adc1.o
    0x080007a8   0x080007a8   0x00000030   Code   RO          644    i.ADC1_Start        adc1.o
    0x080007d8   0x080007d8   0x00000060   Code   RO          549    i.DMA1_ADC_Init     dma1.o
    0x08000838   0x08000838   0x0000001c   Code   RO          550    i.DMA1_ADC_Receive  dma1.o
    0x08000854   0x08000854   0x0000002c   Code   RO          551    i.DMA1_Channel4_IRQHandler  dma1.o
    0x08000880   0x08000880   0x00000024   Code   RO          552    i.DMA1_Channel5_IRQHandler  dma1.o
    0x080008a4   0x080008a4   0x00000018   Code   RO          200    i.Delay_ms          delay.o
    0x080008bc   0x080008bc   0x0000003e   Code   RO          202    i.Delay_us          delay.o
    0x080008fa   0x080008fa   0x00000002   PAD
    0x080008fc   0x080008fc   0x00000030   Code   RO          146    i.EXTI15_10_IRQHandler  key.o
    0x0800092c   0x0800092c   0x00000010   Code   RO          103    i.LED_Off           led.o
    0x0800093c   0x0800093c   0x00000010   Code   RO          105    i.LED_On            led.o
    0x0800094c   0x0800094c   0x00000014   Code   RO          107    i.LED_Toggle        led.o
    0x08000960   0x08000960   0x000000a8   Code   RO           24    i.SetSysClockTo72   system_stm32f10x.o
    0x08000a08   0x08000a08   0x00000024   Code   RO          355    i.SysTick_Handler   systick.o
    0x08000a2c   0x08000a2c   0x00000050   Code   RO           26    i.SystemInit        system_stm32f10x.o
    0x08000a7c   0x08000a7c   0x00000010   Code   RO          513    i.TIM1_Stop         tim1.o
    0x08000a8c   0x08000a8c   0x00000014   Code   RO          514    i.TIM1_UP_IRQHandler  tim1.o
    0x08000aa0   0x08000aa0   0x0000008c   Code   RO          421    i.TIM5_Init         tim5.o
    0x08000b2c   0x08000b2c   0x00000010   Code   RO          424    i.TIM5_Start        tim5.o
    0x08000b3c   0x08000b3c   0x00000028   Code   RO          392    i.TIM6_IRQHandler   tim6.o
    0x08000b64   0x08000b64   0x00000040   Code   RO          227    i.USART1_IRQHandler  usart.o
    0x08000ba4   0x08000ba4   0x0000007c   Code   RO          228    i.USART1_Init       usart.o
    0x08000c20   0x08000c20   0x00000014   Code   RO          234    i.USART1_TransmitByte  usart.o
    0x08000c34   0x08000c34   0x00000020   Code   RO          921    i.__0printf         mc_w.l(printfa.o)
    0x08000c54   0x08000c54   0x0000000e   Code   RO          995    i.__scatterload_copy  mc_w.l(handlers.o)
    0x08000c62   0x08000c62   0x00000002   Code   RO          996    i.__scatterload_null  mc_w.l(handlers.o)
    0x08000c64   0x08000c64   0x0000000e   Code   RO          997    i.__scatterload_zeroinit  mc_w.l(handlers.o)
    0x08000c72   0x08000c72   0x00000002   PAD
    0x08000c74   0x08000c74   0x00000184   Code   RO          928    i._fp_digits        mc_w.l(printfa.o)
    0x08000df8   0x08000df8   0x000006b4   Code   RO          929    i._printf_core      mc_w.l(printfa.o)
    0x080014ac   0x080014ac   0x00000024   Code   RO          930    i._printf_post_padding  mc_w.l(printfa.o)
    0x080014d0   0x080014d0   0x0000002e   Code   RO          931    i._printf_pre_padding  mc_w.l(printfa.o)
    0x080014fe   0x080014fe   0x0000000e   Code   RO          236    i.fputc             usart.o
    0x0800150c   0x0800150c   0x0000007c   Code   RO           60    i.main              main.o
    0x08001588   0x08001588   0x00000020   Data   RO          993    Region$$Table       anon$$obj.o


    Execution Region RW_IRAM1 (Exec base: 0x20000000, Load base: 0x080015a8, Size: 0x00000478, Max: 0x00010000, ABSOLUTE)

    Exec Addr    Load Addr    Size         Type   Attr      Idx    E Section Name        Object

    0x20000000   0x080015a8   0x00000008   Data   RW          238    .data               usart.o
    0x20000008   0x080015b0   0x0000000c   Data   RW          358    .data               systick.o
    0x20000014   0x080015bc   0x00000008   Data   RW          395    .data               tim6.o
    0x2000001c   0x080015c4   0x00000010   Data   RW          562    .data               dma1.o
    0x2000002c   0x080015d4   0x00000001   Data   RW          645    .data               adc1.o
    0x2000002d   0x080015d5   0x00000003   PAD
    0x20000030   0x080015d8   0x00000004   Data   RW          973    .data               mc_w.l(stdout.o)
    0x20000034        -       0x00000040   Zero   RW          237    .bss                usart.o
    0x20000074   0x080015dc   0x00000004   PAD
    0x20000078        -       0x00000400   Zero   RW           17    STACK               startup_stm32f10x_hd.o


==============================================================================

Image component sizes


      Code (inc. data)   RO Data    RW Data    ZI Data      Debug   Object Name

       276         36          0          1          0       1667   adc1.o
         0          0          0          0          0       4564   core_cm3.o
        86          0          0          0          0       1458   delay.o
       204         34          0         16          0       3281   dma1.o
        48          8          0          0          0        543   key.o
        52         16          0          0          0       1854   led.o
       124         30          0          0          0        595   main.o
        36          8        304          0       1024        796   startup_stm32f10x_hd.o
       248         24          0          0          0       1693   system_stm32f10x.o
        36          6          0         12          0       1276   systick.o
        36         10          0          0          0       1317   tim1.o
       156         16          0          0          0        929   tim5.o
        40         10          0          8          0       1034   tim6.o
       222         30          0          8         64       4531   usart.o

    ----------------------------------------------------------------------
      1566        228        336         48       1092      25538   Object Totals
         0          0         32          0          0          0   (incl. Generated)
         2          0          0          3          4          0   (incl. Padding)

    ----------------------------------------------------------------------

      Code (inc. data)   RO Data    RW Data    ZI Data      Debug   Library Member Name

         0          0          0          0          0          0   entry.o
         0          0          0          0          0          0   entry10a.o
         0          0          0          0          0          0   entry11a.o
         4          0          0          0          0          0   entry12b.o
         8          4          0          0          0          0   entry2.o
         4          0          0          0          0          0   entry5.o
         0          0          0          0          0          0   entry7b.o
         0          0          0          0          0          0   entry8b.o
         8          4          0          0          0          0   entry9a.o
        30          0          0          0          0          0   handlers.o
        36          8          0          0          0         68   init.o
         0          0          0          0          0          0   iusefp.o
        30          0          0          0          0         68   llshl.o
        36          0          0          0          0         68   llsshr.o
        32          0          0          0          0         68   llushr.o
      2218         90          0          0          0        464   printfa.o
         0          0          0          4          0          0   stdout.o
        44          0          0          0          0         80   uidiv.o
        98          0          0          0          0         92   uldiv.o
        48          0          0          0          0         68   cdrcmple.o
       334          0          0          0          0        148   dadd.o
       222          0          0          0          0        100   ddiv.o
       186          0          0          0          0        176   depilogue.o
        48          0          0          0          0         68   dfixul.o
        26          0          0          0          0         76   dfltui.o
       228          0          0          0          0         96   dmul.o

    ----------------------------------------------------------------------
      3642        106          0          4          0       1640   Library Totals
         2          0          0          0          0          0   (incl. Padding)

    ----------------------------------------------------------------------

      Code (inc. data)   RO Data    RW Data    ZI Data      Debug   Library Name

      2548        106          0          4          0        908   mc_w.l
      1092          0          0          0          0        732   mf_w.l

    ----------------------------------------------------------------------
      3642        106          0          4          0       1640   Library Totals

    ----------------------------------------------------------------------

==============================================================================


      Code (inc. data)   RO Data    RW Data    ZI Data      Debug   

      5208        334        336         52       1092      25354   Grand Totals
      5208        334        336         52       1092      25354   ELF Image Totals
      5208        334        336         52          0          0   ROM Totals

==============================================================================

    Total RO  Size (Code + RO Data)                 5544 (   5.41kB)
    Total RW  Size (RW Data + ZI Data)              1144 (   1.12kB)
    Total ROM Size (Code + RO Data + RW Data)       5596 (   5.46kB)

==============================================================================

